2026-02-25 10:31:05,744 INFO Читаем документы...
2026-02-25 10:31:06,026 INFO HTTP Request: GET https://huggingface.co/api/models/sentence-transformers/all-MiniLM-L6-v2/revision/main "HTTP/1.1 200 OK"
2026-02-25 10:31:06,049 INFO  import_docs/Humans.md
2026-02-25 10:31:06,049 INFO  import_docs/Coruscant.md
2026-02-25 10:31:06,049 INFO Прочитано 2 документов
2026-02-25 10:31:06,050 INFO Документы разбиты на 9 чанков
2026-02-25 10:31:06,077 INFO HTTP Request: GET http://localhost:6333 "HTTP/1.1 200 OK"
2026-02-25 10:31:06,080 INFO Выбран серверный Qdrant
2026-02-25 10:31:06,093 INFO Use pytorch device_name: mps
2026-02-25 10:31:06,093 INFO Load pretrained SentenceTransformer: sentence-transformers/all-MiniLM-L6-v2
2026-02-25 10:31:06,265 INFO HTTP Request: HEAD https://huggingface.co/sentence-transformers/all-MiniLM-L6-v2/resolve/main/modules.json "HTTP/1.1 307 Temporary Redirect"
2026-02-25 10:31:06,310 INFO HTTP Request: HEAD https://huggingface.co/api/resolve-cache/models/sentence-transformers/all-MiniLM-L6-v2/c9745ed1d9f207416be6d2e6f8de32d1f16199bf/modules.json "HTTP/1.1 200 OK"
2026-02-25 10:31:06,474 INFO HTTP Request: HEAD https://huggingface.co/sentence-transformers/all-MiniLM-L6-v2/resolve/main/config_sentence_transformers.json "HTTP/1.1 307 Temporary Redirect"
2026-02-25 10:31:06,520 INFO HTTP Request: HEAD https://huggingface.co/api/resolve-cache/models/sentence-transformers/all-MiniLM-L6-v2/c9745ed1d9f207416be6d2e6f8de32d1f16199bf/config_sentence_transformers.json "HTTP/1.1 200 OK"
2026-02-25 10:31:06,690 INFO HTTP Request: HEAD https://huggingface.co/sentence-transformers/all-MiniLM-L6-v2/resolve/main/config_sentence_transformers.json "HTTP/1.1 307 Temporary Redirect"
2026-02-25 10:31:06,736 INFO HTTP Request: HEAD https://huggingface.co/api/resolve-cache/models/sentence-transformers/all-MiniLM-L6-v2/c9745ed1d9f207416be6d2e6f8de32d1f16199bf/config_sentence_transformers.json "HTTP/1.1 200 OK"
2026-02-25 10:31:06,905 INFO HTTP Request: HEAD https://huggingface.co/sentence-transformers/all-MiniLM-L6-v2/resolve/main/README.md "HTTP/1.1 307 Temporary Redirect"
2026-02-25 10:31:06,906 WARNING Warning: You are sending unauthenticated requests to the HF Hub. Please set a HF_TOKEN to enable higher rate limits and faster downloads.
2026-02-25 10:31:06,955 INFO HTTP Request: HEAD https://huggingface.co/api/resolve-cache/models/sentence-transformers/all-MiniLM-L6-v2/c9745ed1d9f207416be6d2e6f8de32d1f16199bf/README.md "HTTP/1.1 200 OK"
2026-02-25 10:31:07,129 INFO HTTP Request: HEAD https://huggingface.co/sentence-transformers/all-MiniLM-L6-v2/resolve/main/modules.json "HTTP/1.1 307 Temporary Redirect"
2026-02-25 10:31:07,178 INFO HTTP Request: HEAD https://huggingface.co/api/resolve-cache/models/sentence-transformers/all-MiniLM-L6-v2/c9745ed1d9f207416be6d2e6f8de32d1f16199bf/modules.json "HTTP/1.1 200 OK"
2026-02-25 10:31:07,363 INFO HTTP Request: HEAD https://huggingface.co/sentence-transformers/all-MiniLM-L6-v2/resolve/main/sentence_bert_config.json "HTTP/1.1 307 Temporary Redirect"
2026-02-25 10:31:07,412 INFO HTTP Request: HEAD https://huggingface.co/api/resolve-cache/models/sentence-transformers/all-MiniLM-L6-v2/c9745ed1d9f207416be6d2e6f8de32d1f16199bf/sentence_bert_config.json "HTTP/1.1 200 OK"
2026-02-25 10:31:07,583 INFO HTTP Request: HEAD https://huggingface.co/sentence-transformers/all-MiniLM-L6-v2/resolve/main/adapter_config.json "HTTP/1.1 404 Not Found"
2026-02-25 10:31:07,762 INFO HTTP Request: HEAD https://huggingface.co/sentence-transformers/all-MiniLM-L6-v2/resolve/main/config.json "HTTP/1.1 307 Temporary Redirect"
2026-02-25 10:31:10,638 INFO HTTP Request: HEAD https://huggingface.co/api/resolve-cache/models/sentence-transformers/all-MiniLM-L6-v2/c9745ed1d9f207416be6d2e6f8de32d1f16199bf/config.json "HTTP/1.1 200 OK"
2026-02-25 10:31:10,908 INFO HTTP Request: HEAD https://huggingface.co/sentence-transformers/all-MiniLM-L6-v2/resolve/main/config.json "HTTP/1.1 307 Temporary Redirect"
2026-02-25 10:31:10,961 INFO HTTP Request: HEAD https://huggingface.co/api/resolve-cache/models/sentence-transformers/all-MiniLM-L6-v2/c9745ed1d9f207416be6d2e6f8de32d1f16199bf/config.json "HTTP/1.1 200 OK"
2026-02-25 10:31:11,139 INFO HTTP Request: HEAD https://huggingface.co/sentence-transformers/all-MiniLM-L6-v2/resolve/main/tokenizer_config.json "HTTP/1.1 307 Temporary Redirect"
2026-02-25 10:31:11,195 INFO HTTP Request: HEAD https://huggingface.co/api/resolve-cache/models/sentence-transformers/all-MiniLM-L6-v2/c9745ed1d9f207416be6d2e6f8de32d1f16199bf/tokenizer_config.json "HTTP/1.1 200 OK"
2026-02-25 10:31:11,379 INFO HTTP Request: GET https://huggingface.co/api/models/sentence-transformers/all-MiniLM-L6-v2/tree/main/additional_chat_templates?recursive=false&expand=false "HTTP/1.1 404 Not Found"
2026-02-25 10:31:11,562 INFO HTTP Request: GET https://huggingface.co/api/models/sentence-transformers/all-MiniLM-L6-v2/tree/main?recursive=true&expand=false "HTTP/1.1 200 OK"
2026-02-25 10:31:11,779 INFO HTTP Request: HEAD https://huggingface.co/sentence-transformers/all-MiniLM-L6-v2/resolve/main/1_Pooling/config.json "HTTP/1.1 307 Temporary Redirect"
2026-02-25 10:31:11,834 INFO HTTP Request: HEAD https://huggingface.co/api/resolve-cache/models/sentence-transformers/all-MiniLM-L6-v2/c9745ed1d9f207416be6d2e6f8de32d1f16199bf/1_Pooling%2Fconfig.json "HTTP/1.1 200 OK"
2026-02-25 10:31:12,019 INFO HTTP Request: GET https://huggingface.co/api/models/sentence-transformers/all-MiniLM-L6-v2 "HTTP/1.1 200 OK"
2026-02-25 10:31:12,272 INFO HTTP Request: GET http://localhost:6333/collections/knowledge_base "HTTP/1.1 200 OK"
2026-02-25 10:31:12,392 INFO Загружено в Qdrant 9 чанков
2026-02-25 10:31:12,396 INFO HTTP Request: GET http://localhost:6333/collections/knowledge_base "HTTP/1.1 200 OK"
2026-02-25 10:31:12,396 INFO Информация о коллекции status=<CollectionStatus.GREEN: 'green'> optimizer_status=<OptimizersStatusOneOf.OK: 'ok'> warnings=None indexed_vectors_count=0 points_count=463 segments_count=6 config=CollectionConfig(params=CollectionParams(vectors=VectorParams(size=384, distance=<Distance.COSINE: 'Cosine'>, hnsw_config=None, quantization_config=None, on_disk=None, datatype=None, multivector_config=None), shard_number=1, sharding_method=None, replication_factor=1, write_consistency_factor=1, read_fan_out_factor=None, read_fan_out_delay_ms=None, on_disk_payload=True, sparse_vectors=None), hnsw_config=HnswConfig(m=16, ef_construct=100, full_scan_threshold=10000, max_indexing_threads=0, on_disk=False, payload_m=None, inline_storage=None), optimizer_config=OptimizersConfig(deleted_threshold=0.2, vacuum_min_vector_number=1000, default_segment_number=0, max_segment_size=None, memmap_threshold=None, indexing_threshold=10000, flush_interval_sec=5, max_optimization_threads=None, prevent_unoptimized=None), wal_config=WalConfig(wal_capacity_mb=32, wal_segments_ahead=0, wal_retain_closed=1), quantization_config=None, strict_mode_config=None, metadata=None) payload_schema={} update_queue=UpdateQueueInfo(length=0)